// Jest Snapshot v1, https://goo.gl/fbAQLP

exports[`<Button /> should render a button with a classname 1`] = `"<button class=\\"jqttdJ\\"></button>"`;

exports[`<Button /> should render other class when style is provided 1`] = `"<button class=\\"jqttdJ\\"></button>"`;

exports[`<Button /> should render other class when style is provided 2`] = `"<button class=\\"jjqOFT\\"></button>"`;
